---
source: tests/build_e2e.rs
expression: extract_main(&html)
---
<main class="content">
        
<article class="wiki-page">
    <header>
        <h1>Glossary</h1>
        <p class="wiki-category"><a href="/wiki/">Wiki</a> &rsaquo; Reference</p>
    </header>

    <div class="wiki-layout">
        

        <div class="wiki-body">
            <p>Key terms. See also <a href="/wiki/syntax/" class="wikilink">Syntax</a>.</p>

        </div>
    </div>

    
    <section class="backlinks">
        <h2>Pages that link here</h2>
        <ul>
            
            <li><a href="/blog/second-post/">Second Post</a></li>
            
            <li><a href="/blog/first-post/">First Post</a></li>
            
            <li><a href="/wiki/internals/">Internals</a></li>
            
            <li><a href="/about/">About</a></li>
            
        </ul>
    </section>
    
</article>

    </main>
